src/components/listing-details/ListingHero.tsx(14,26): error TS2339: Property 'estimatedMarketValue' does not exist on type 'InvestmentMetrics'.
src/components/listing-details/ListingHero.tsx(15,26): error TS2339: Property 'stabilizedMarketValue' does not exist on type 'InvestmentMetrics'.
src/components/listing-details/ListingHero.tsx(16,32): error TS2339: Property 'estimatedRehabCost' does not exist on type 'InvestmentMetrics'.
src/components/listing-details/ListingHero.tsx(17,29): error TS2339: Property 'builtInEquity' does not exist on type 'InvestmentMetrics'.
src/components/listing-details/ListingHero.tsx(19,40): error TS2339: Property 'builtInEquity' does not exist on type 'InvestmentMetrics'.
src/components/listing-details/ListingHero.tsx(19,66): error TS2339: Property 'builtInEquity' does not exist on type 'InvestmentMetrics'.
